// Jest Snapshot v1, https://goo.gl/fbAQLP

exports[`<Player /> renders the <Player /> with a bunny video 1`] = `
<div
  class="player__Container-sc-19oafl9-0"
>
  <button
    class="player__Button-sc-19oafl9-1 gFPPIn"
  >
    Play
  </button>
</div>
`;
